// Vitest Snapshot v1, https://vitest.dev/guide/snapshot.html

exports[`App component > when on the root page > renders the navigation bar above the home page 1`] = `
<div>
  <nav
    class="_navigation_56c144"
  >
    <a
      class="_navLink_56c144"
      href="/"
    >
      Home
    </a>
    <a
      class="_navLink_56c144"
      href="/shop"
    >
      Shop
    </a>
    <a
      class="_navLink_56c144"
      href="/cart"
    >
      Cart (
      0
      )
    </a>
  </nav>
  <h1
    class="_heading_4012cb"
  >
    Welcome to Shopping Cart!
  </h1>
</div>
`;
